profile,hydraulic.stage,0.017
profile,thermal.stage,0.495
profile,generation.base,0.762
profile,hydraulic.stage,0.080
profile,thermal.stage,0.346
profile,generation.lod2,1.311
profile,hydraulic.stage,0.344
profile,thermal.stage,0.385
profile,generation.lod1.first,2.856
profile,hydraulic.stage,1.969
profile,thermal.stage,0.543
profile,generation.lod1.refine,8.438
profile,mesh.surface_edge_flips,47.088
profile,hydraulic.stage,11.242
profile,hydraulic.stage,60.623
profile,thermal.stage,0.840
profile,generation.lod0.broad,171.744
profile,hydraulic.stage,282.143
profile,generation.lod0.detail,332.126
river_cross_sections,unresolved=223,mean_width_metres=6.943,maximum_width_metres=14.000,mean_depth_metres=1.460,maximum_depth_metres=2.000
profile,rivers.final,609.828
profile,mesh.projected_foldover_repair,99.636
profile,lod.simplify,139.998
profile,material.sharp_rock,29.647
profile,terrain.index,0.000
profile,caves.generate,0.001
profile,decorations.rock_settling,308.636
profile,decorations.lazy,309.139
profile,sea_mask.distance_to_land,29.591
profile,island.generate,2566.519
profile,hydraulic.stage,0.141
profile,thermal.stage,0.511
profile,generation.base,4.840
profile,hydraulic.stage,1.041
profile,thermal.stage,0.612
profile,generation.lod2,5.313
profile,hydraulic.stage,5.598
profile,thermal.stage,0.758
profile,generation.lod1.first,16.800
profile,hydraulic.stage,43.354
profile,thermal.stage,1.091
profile,generation.lod1.refine,80.332
profile,mesh.surface_edge_flips,432.429
profile,hydraulic.stage,267.306
profile,hydraulic.stage,1450.720
profile,thermal.stage,5.410
profile,generation.lod0.broad,2582.686
profile,hydraulic.stage,12400.694
profile,generation.lod0.detail,12901.805
river_cross_sections,unresolved=857,mean_width_metres=2.561,maximum_width_metres=13.821,mean_depth_metres=1.655,maximum_depth_metres=2.000
profile,rivers.final,6894.339
profile,mesh.projected_foldover_repair,1593.493
profile,lod.simplify,1111.180
profile,material.sharp_rock,211.398
profile,terrain.index,0.000
profile,caves.generate,0.001
profile,decorations.rock_settling,3427.239
profile,decorations.lazy,3433.818
profile,sea_mask.distance_to_land,255.378
profile,island.generate,30997.551
