profile,hydraulic.stage,0.121
profile,thermal.stage,0.498
profile,generation.base,1.514
profile,hydraulic.stage,0.195
profile,thermal.stage,0.139
profile,generation.lod2,1.992
profile,hydraulic.stage,0.364
profile,thermal.stage,0.474
profile,generation.lod1.first,3.351
profile,hydraulic.stage,2.020
profile,thermal.stage,0.619
profile,generation.lod1.refine,8.747
profile,mesh.surface_edge_flips,60.305
profile,hydraulic.stage,11.346
profile,hydraulic.stage,60.929
profile,thermal.stage,0.999
profile,generation.lod0.broad,186.256
profile,hydraulic.stage,291.099
profile,generation.lod0.detail,341.895
river_cross_sections,unresolved=223,mean_width_metres=6.943,maximum_width_metres=14.000,mean_depth_metres=1.460,maximum_depth_metres=2.000
profile,rivers.final,599.286
profile,mesh.projected_foldover_repair,101.734
profile,lod.simplify,141.126
profile,material.sharp_rock,29.881
profile,terrain.index,0.000
profile,caves.generate,0.001
profile,decorations.rock_settling,313.103
profile,decorations.lazy,313.570
profile,sea_mask.distance_to_land,29.484
profile,island.generate,2589.414
profile,hydraulic.stage,0.142
profile,thermal.stage,0.532
profile,generation.base,4.828
profile,hydraulic.stage,1.027
profile,thermal.stage,0.956
profile,generation.lod2,5.656
profile,hydraulic.stage,5.583
profile,thermal.stage,0.712
profile,generation.lod1.first,16.688
profile,hydraulic.stage,43.864
profile,thermal.stage,1.145
profile,generation.lod1.refine,80.881
profile,mesh.surface_edge_flips,445.297
profile,hydraulic.stage,267.882
profile,hydraulic.stage,1433.463
profile,thermal.stage,5.385
profile,generation.lod0.broad,2578.128
profile,hydraulic.stage,12225.784
profile,generation.lod0.detail,12728.321
river_cross_sections,unresolved=857,mean_width_metres=2.561,maximum_width_metres=13.821,mean_depth_metres=1.655,maximum_depth_metres=2.000
profile,rivers.final,6897.261
profile,mesh.projected_foldover_repair,1579.935
profile,lod.simplify,1085.459
profile,material.sharp_rock,203.252
profile,terrain.index,0.000
profile,caves.generate,0.001
profile,decorations.rock_settling,3416.500
profile,decorations.lazy,3422.730
profile,sea_mask.distance_to_land,240.337
profile,island.generate,30719.705
