profile,hydraulic.stage,0.091
profile,thermal.stage,0.325
profile,generation.base,1.401
profile,hydraulic.stage,0.076
profile,thermal.stage,0.293
profile,generation.lod2,1.379
profile,hydraulic.stage,0.363
profile,thermal.stage,0.461
profile,generation.lod1.first,3.130
profile,hydraulic.stage,1.983
profile,thermal.stage,0.539
profile,generation.lod1.refine,8.447
profile,mesh.surface_edge_flips,47.957
profile,hydraulic.stage,11.530
profile,hydraulic.stage,62.628
profile,thermal.stage,0.988
profile,generation.lod0.broad,175.197
profile,hydraulic.stage,280.787
profile,generation.lod0.detail,330.439
river_cross_sections,unresolved=223,mean_width_metres=6.943,maximum_width_metres=14.000,mean_depth_metres=1.460,maximum_depth_metres=2.000
profile,rivers.final,595.964
profile,mesh.projected_foldover_repair,99.454
profile,lod.simplify,139.139
profile,material.sharp_rock,31.080
profile,terrain.index,0.000
profile,caves.generate,0.001
profile,decorations.rock_settling,308.744
profile,decorations.lazy,309.272
profile,sea_mask.distance_to_land,30.051
profile,island.generate,2552.820
profile,hydraulic.stage,0.140
profile,thermal.stage,0.708
profile,generation.base,4.958
profile,hydraulic.stage,1.088
profile,thermal.stage,0.637
profile,generation.lod2,5.616
profile,hydraulic.stage,5.560
profile,thermal.stage,0.722
profile,generation.lod1.first,16.529
profile,hydraulic.stage,43.561
profile,thermal.stage,1.253
profile,generation.lod1.refine,79.870
profile,mesh.surface_edge_flips,433.540
profile,hydraulic.stage,267.161
profile,hydraulic.stage,1505.715
profile,thermal.stage,5.264
profile,generation.lod0.broad,2638.496
profile,hydraulic.stage,12421.834
profile,generation.lod0.detail,12926.185
river_cross_sections,unresolved=857,mean_width_metres=2.561,maximum_width_metres=13.821,mean_depth_metres=1.655,maximum_depth_metres=2.000
profile,rivers.final,6854.567
profile,mesh.projected_foldover_repair,1599.828
profile,lod.simplify,1154.602
profile,material.sharp_rock,205.273
profile,terrain.index,0.000
profile,caves.generate,0.001
profile,decorations.rock_settling,3459.890
profile,decorations.lazy,3467.540
profile,sea_mask.distance_to_land,245.214
profile,island.generate,31063.491
