profile,hydraulic.stage,0.019
profile,thermal.stage,0.474
profile,generation.base,0.785
profile,hydraulic.stage,0.078
profile,thermal.stage,0.429
profile,generation.lod2,1.504
profile,hydraulic.stage,0.358
profile,thermal.stage,0.389
profile,generation.lod1.first,2.897
profile,hydraulic.stage,2.043
profile,thermal.stage,0.432
profile,generation.lod1.refine,8.245
profile,mesh.surface_edge_flips,47.770
profile,hydraulic.stage,11.997
profile,hydraulic.stage,62.485
profile,thermal.stage,1.354
profile,generation.lod0.broad,176.074
profile,hydraulic.stage,290.126
profile,generation.lod0.detail,339.537
river_cross_sections,unresolved=223,mean_width_metres=6.943,maximum_width_metres=14.000,mean_depth_metres=1.460,maximum_depth_metres=2.000
profile,rivers.final,599.124
profile,mesh.projected_foldover_repair,102.196
profile,lod.simplify,139.231
profile,material.sharp_rock,30.919
profile,terrain.index,0.000
profile,caves.generate,0.001
profile,decorations.rock_settling,463.724
profile,decorations.lazy,464.208
profile,sea_mask.distance_to_land,29.624
profile,island.generate,2711.937
profile,hydraulic.stage,0.135
profile,thermal.stage,0.420
profile,generation.base,4.693
profile,hydraulic.stage,1.040
profile,thermal.stage,0.865
profile,generation.lod2,5.650
profile,hydraulic.stage,5.510
profile,thermal.stage,0.744
profile,generation.lod1.first,16.614
profile,hydraulic.stage,43.544
profile,thermal.stage,1.212
profile,generation.lod1.refine,79.810
profile,mesh.surface_edge_flips,451.213
profile,hydraulic.stage,277.684
profile,hydraulic.stage,1468.957
profile,thermal.stage,5.399
profile,generation.lod0.broad,2633.282
profile,hydraulic.stage,12333.867
profile,generation.lod0.detail,12835.825
river_cross_sections,unresolved=857,mean_width_metres=2.561,maximum_width_metres=13.821,mean_depth_metres=1.655,maximum_depth_metres=2.000
profile,rivers.final,6802.080
profile,mesh.projected_foldover_repair,1584.959
profile,lod.simplify,1105.087
profile,material.sharp_rock,203.499
profile,terrain.index,0.000
profile,caves.generate,0.001
profile,decorations.rock_settling,5071.497
profile,decorations.lazy,5078.049
profile,sea_mask.distance_to_land,253.503
profile,island.generate,32474.897
