profile,hydraulic.stage,0.099
profile,thermal.stage,0.393
profile,generation.base,1.194
profile,hydraulic.stage,0.077
profile,thermal.stage,0.285
profile,generation.lod2,1.444
profile,hydraulic.stage,0.365
profile,thermal.stage,0.472
profile,generation.lod1.first,3.035
profile,hydraulic.stage,2.008
profile,thermal.stage,0.517
profile,generation.lod1.refine,8.507
profile,mesh.surface_edge_flips,47.869
profile,hydraulic.stage,11.801
profile,hydraulic.stage,63.342
profile,thermal.stage,1.036
profile,generation.lod0.broad,176.350
profile,hydraulic.stage,281.442
profile,generation.lod0.detail,330.875
river_cross_sections,unresolved=223,mean_width_metres=6.943,maximum_width_metres=14.000,mean_depth_metres=1.460,maximum_depth_metres=2.000
profile,rivers.final,598.411
profile,mesh.projected_foldover_repair,100.135
profile,lod.simplify,138.518
profile,material.sharp_rock,31.260
profile,terrain.index,0.000
profile,caves.generate,0.001
profile,decorations.rock_settling,461.621
profile,decorations.lazy,462.095
profile,sea_mask.distance_to_land,29.831
profile,island.generate,2718.057
profile,hydraulic.stage,0.135
profile,thermal.stage,0.507
profile,generation.base,4.724
profile,hydraulic.stage,1.038
profile,thermal.stage,0.509
profile,generation.lod2,5.383
profile,hydraulic.stage,5.534
profile,thermal.stage,0.838
profile,generation.lod1.first,16.578
profile,hydraulic.stage,43.942
profile,thermal.stage,1.219
profile,generation.lod1.refine,80.969
profile,mesh.surface_edge_flips,454.112
profile,hydraulic.stage,270.452
profile,hydraulic.stage,1449.738
profile,thermal.stage,5.242
profile,generation.lod0.broad,2616.156
profile,hydraulic.stage,12650.434
profile,generation.lod0.detail,13154.601
river_cross_sections,unresolved=857,mean_width_metres=2.561,maximum_width_metres=13.821,mean_depth_metres=1.655,maximum_depth_metres=2.000
profile,rivers.final,6879.559
profile,mesh.projected_foldover_repair,1588.904
profile,lod.simplify,1087.170
profile,material.sharp_rock,206.671
profile,terrain.index,0.000
profile,caves.generate,0.001
profile,decorations.rock_settling,5071.386
profile,decorations.lazy,5077.746
profile,sea_mask.distance_to_land,274.260
profile,island.generate,32877.589
