profile,hydraulic.stage,0.114
profile,thermal.stage,0.399
profile,generation.base,1.296
profile,hydraulic.stage,0.077
profile,thermal.stage,0.404
profile,generation.lod2,1.562
profile,hydraulic.stage,0.360
profile,thermal.stage,0.642
profile,generation.lod1.first,3.165
profile,hydraulic.stage,1.899
profile,thermal.stage,0.450
profile,generation.lod1.refine,8.086
profile,mesh.surface_edge_flips,47.255
profile,hydraulic.stage,11.267
profile,hydraulic.stage,62.466
profile,thermal.stage,1.131
profile,generation.lod0.broad,174.967
profile,hydraulic.stage,284.024
profile,generation.lod0.detail,334.070
river_cross_sections,unresolved=223,mean_width_metres=6.943,maximum_width_metres=14.000,mean_depth_metres=1.460,maximum_depth_metres=2.000
profile,rivers.final,600.771
profile,mesh.projected_foldover_repair,99.572
profile,lod.simplify,139.246
profile,material.sharp_rock,31.272
profile,terrain.index,0.000
profile,caves.generate,0.001
profile,decorations.rock_settling,460.282
profile,decorations.lazy,460.763
profile,sea_mask.distance_to_land,31.272
profile,island.generate,2768.772
profile,hydraulic.stage,0.147
profile,thermal.stage,0.619
profile,generation.base,4.860
profile,hydraulic.stage,1.005
profile,thermal.stage,0.696
profile,generation.lod2,5.303
profile,hydraulic.stage,5.595
profile,thermal.stage,0.947
profile,generation.lod1.first,17.211
profile,hydraulic.stage,43.759
profile,thermal.stage,1.182
profile,generation.lod1.refine,80.652
profile,mesh.surface_edge_flips,429.418
profile,hydraulic.stage,265.580
profile,hydraulic.stage,1431.448
profile,thermal.stage,5.228
profile,generation.lod0.broad,2563.161
profile,hydraulic.stage,12187.859
profile,generation.lod0.detail,12767.848
river_cross_sections,unresolved=857,mean_width_metres=2.561,maximum_width_metres=13.821,mean_depth_metres=1.655,maximum_depth_metres=2.000
profile,rivers.final,6889.312
profile,mesh.projected_foldover_repair,1571.404
profile,lod.simplify,1085.163
profile,material.sharp_rock,202.769
profile,terrain.index,0.000
profile,caves.generate,0.001
profile,decorations.rock_settling,5005.827
profile,decorations.lazy,5012.424
profile,sea_mask.distance_to_land,265.726
profile,island.generate,32366.002
